<?xml version="1.0" encoding="utf-8"?>
<TestRun id="1c39cd9f-d0ab-437b-8bc8-51dc0af2551b" name="ADMIN@DESKTOP-BRVP0T3 2026-10-06 12:08:10" runUser="DESKTOP-BRVP0T3\ADMIN" xmlns="http://microsoft.com/schemas/VisualStudio/TeamTest/2010">
  <Times creation="2026-10-06T12:08:10.1532646+07:00" queuing="2026-10-06T12:08:10.1532648+07:00" start="2026-10-06T12:08:06.7409905+07:00" finish="2026-10-06T12:10:43.8751837+07:00" />
  <TestSettings name="default" id="8b4373d5-9397-405f-8d4f-6e5e758c5c16">
    <Deployment runDeploymentRoot="ADMIN_DESKTOP-BRVP0T3_2026-10-06_12_08_10" />
  </TestSettings>
  <Results>
    <UnitTestResult executionId="dcab58bd-da32-4b3f-bd86-dc1cc491852a" testId="a6bba271-44d0-1ef8-f96a-8af9e8b7f622" testName="ProductApi.Tests.SyncReliabilityTests.NonceRemainsRejected_AfterChangingTheServiceInstance" computerName="DESKTOP-BRVP0T3" duration="00:00:07.4819014" startTime="2026-10-06T12:10:16.7972686+07:00" endTime="2026-10-06T12:10:16.7972689+07:00" testType="13cdc9d9-ddb5-4fa4-a97d-d965ccfc6d4b" outcome="Passed" testListId="8c84fa94-04c1-424b-9868-57a2d4851a1d" relativeResultsDirectory="dcab58bd-da32-4b3f-bd86-dc1cc491852a" />
    <UnitTestResult executionId="52b77b13-1b48-492a-97fd-ca481dd9bfba" testId="7167bec8-b447-ac74-d085-a7976264bd38" testName="ProductApi.Tests.VesselMaterialsTests.EquipmentUpload_UsesRegisteredNodeVessel_InsteadOfTreatingNodeIdAsImo" computerName="DESKTOP-BRVP0T3" duration="00:00:00.2527924" startTime="2026-10-06T12:08:11.1370300+07:00" endTime="2026-10-06T12:08:11.1370303+07:00" testType="13cdc9d9-ddb5-4fa4-a97d-d965ccfc6d4b" outcome="Passed" testListId="8c84fa94-04c1-424b-9868-57a2d4851a1d" relativeResultsDirectory="52b77b13-1b48-492a-97fd-ca481dd9bfba" />
    <UnitTestResult executionId="577e7365-c6c2-4db8-9c5d-8b0f28c61d07" testId="efd8caba-afe9-9101-1915-50b97c0050fe" testName="ProductApi.Tests.SyncReliabilityTests.Dashboard_PaginatesAllHistoryAndFiltersWithoutAttributingShoreLogsToEveryShip" computerName="DESKTOP-BRVP0T3" duration="00:00:08.8928709" startTime="2026-10-06T12:10:35.7000251+07:00" endTime="2026-10-06T12:10:35.7000253+07:00" testType="13cdc9d9-ddb5-4fa4-a97d-d965ccfc6d4b" outcome="Passed" testListId="8c84fa94-04c1-424b-9868-57a2d4851a1d" relativeResultsDirectory="577e7365-c6c2-4db8-9c5d-8b0f28c61d07" />
    <UnitTestResult executionId="aa7ff46e-7d6f-472d-86a7-b6e2dba8aa80" testId="c167cf1a-a97e-9479-f7a4-13bd5d5b363c" testName="ProductApi.Tests.SyncReliabilityTests.Broadcast_IsDeliveredIndependently_AndRepeatedAckIsSafe" computerName="DESKTOP-BRVP0T3" duration="00:00:03.0351556" startTime="2026-10-06T12:08:17.2771320+07:00" endTime="2026-10-06T12:08:17.2771322+07:00" testType="13cdc9d9-ddb5-4fa4-a97d-d965ccfc6d4b" outcome="Passed" testListId="8c84fa94-04c1-424b-9868-57a2d4851a1d" relativeResultsDirectory="aa7ff46e-7d6f-472d-86a7-b6e2dba8aa80" />
    <UnitTestResult executionId="d99a13a5-face-42ef-a90d-a331146d289c" testId="42ecab6b-d278-05e8-e8e2-396e27ee45c8" testName="ProductApi.Tests.SyncReliabilityTests.LegacyVoyageBroadcast_IsRoutedWithoutLosingItsRecipientReceipt_AndUnscopedDeleteIsHeld" computerName="DESKTOP-BRVP0T3" duration="00:00:02.9092161" startTime="2026-10-06T12:08:25.9293895+07:00" endTime="2026-10-06T12:08:25.9293896+07:00" testType="13cdc9d9-ddb5-4fa4-a97d-d965ccfc6d4b" outcome="Passed" testListId="8c84fa94-04c1-424b-9868-57a2d4851a1d" relativeResultsDirectory="d99a13a5-face-42ef-a90d-a331146d289c" />
    <UnitTestResult executionId="a05513c1-394b-4074-9d54-1ab92c91566c" testId="25d6a483-a2b0-faac-bec7-74c3813ff132" testName="ProductApi.Tests.SyncReliabilityTests.VoyageWrite_RollsBackWhenTheScopedOutboxWriteFails" computerName="DESKTOP-BRVP0T3" duration="00:00:02.8155781" startTime="2026-10-06T12:08:48.6361721+07:00" endTime="2026-10-06T12:08:48.6361722+07:00" testType="13cdc9d9-ddb5-4fa4-a97d-d965ccfc6d4b" outcome="Passed" testListId="8c84fa94-04c1-424b-9868-57a2d4851a1d" relativeResultsDirectory="a05513c1-394b-4074-9d54-1ab92c91566c" />
    <UnitTestResult executionId="870cce28-a80f-433d-8220-70751494e158" testId="11f85788-0618-76ef-35da-5720907d4619" testName="ProductApi.Tests.VesselMaterialsTests.RepairEquipmentOwnership_UsesSuccessfulSyncLogs_AndSkipsAmbiguousOrExistingOwners" computerName="DESKTOP-BRVP0T3" duration="00:00:00.0618934" startTime="2026-10-06T12:08:11.9548647+07:00" endTime="2026-10-06T12:08:11.9548650+07:00" testType="13cdc9d9-ddb5-4fa4-a97d-d965ccfc6d4b" outcome="Passed" testListId="8c84fa94-04c1-424b-9868-57a2d4851a1d" relativeResultsDirectory="870cce28-a80f-433d-8220-70751494e158" />
    <UnitTestResult executionId="9bf9d753-27c4-4e0a-97e5-45d6f8454c69" testId="fae3176f-c736-70cf-cd94-36cf5052fb66" testName="ProductApi.Tests.VesselMaterialsTests.MaintenanceUpload_PreservesOriginalWorkCodeAndCalendarUnits" computerName="DESKTOP-BRVP0T3" duration="00:00:00.1525610" startTime="2026-10-06T12:08:11.6917114+07:00" endTime="2026-10-06T12:08:11.6917118+07:00" testType="13cdc9d9-ddb5-4fa4-a97d-d965ccfc6d4b" outcome="Passed" testListId="8c84fa94-04c1-424b-9868-57a2d4851a1d" relativeResultsDirectory="9bf9d753-27c4-4e0a-97e5-45d6f8454c69" />
    <UnitTestResult executionId="4918b5f4-f619-496d-8d71-6c6c8550d0ab" testId="cbf37fb6-1bd7-3f55-20b0-01a1c9dc48f6" testName="ProductApi.Tests.SyncReliabilityTests.DeliveryMigration_UpgradesExistingOutboxWithoutDeletingPendingEvents" computerName="DESKTOP-BRVP0T3" duration="00:00:04.7712291" startTime="2026-10-06T12:09:06.6828049+07:00" endTime="2026-10-06T12:09:06.6828053+07:00" testType="13cdc9d9-ddb5-4fa4-a97d-d965ccfc6d4b" outcome="Passed" testListId="8c84fa94-04c1-424b-9868-57a2d4851a1d" relativeResultsDirectory="4918b5f4-f619-496d-8d71-6c6c8550d0ab" />
    <UnitTestResult executionId="82a7b883-095d-40fa-a70a-344cdc6af1b2" testId="cb8714a3-b161-eb57-8112-c25961ec05c2" testName="ProductApi.Tests.VesselMaterialsTests.Import_InvalidOrDuplicateBatch_WritesNothing_AndValidBatchIsVesselScoped" computerName="DESKTOP-BRVP0T3" duration="00:00:00.0680325" startTime="2026-10-06T12:08:11.2055819+07:00" endTime="2026-10-06T12:08:11.2055821+07:00" testType="13cdc9d9-ddb5-4fa4-a97d-d965ccfc6d4b" outcome="Passed" testListId="8c84fa94-04c1-424b-9868-57a2d4851a1d" relativeResultsDirectory="82a7b883-095d-40fa-a70a-344cdc6af1b2" />
    <UnitTestResult executionId="cfbfb8aa-e551-47cb-aaa2-1aae6f0c3c75" testId="db5916f5-016e-c805-2831-c12c166b89f0" testName="ProductApi.Tests.MaterialCatalogImportTests.Import_InvalidRow_RejectsWholeBatch" computerName="DESKTOP-BRVP0T3" duration="00:00:00.0382108" startTime="2026-10-06T12:08:10.2575802+07:00" endTime="2026-10-06T12:08:10.2575806+07:00" testType="13cdc9d9-ddb5-4fa4-a97d-d965ccfc6d4b" outcome="Passed" testListId="8c84fa94-04c1-424b-9868-57a2d4851a1d" relativeResultsDirectory="cfbfb8aa-e551-47cb-aaa2-1aae6f0c3c75" />
    <UnitTestResult executionId="4d94f8bc-6e15-434a-a07c-5b710bb9f0e7" testId="b94311a0-7520-bc5e-79ae-75a3d7715d00" testName="ProductApi.Tests.VesselMaterialsTests.Acknowledgement_OnlyMarksExactIds_AndRepeatedAckDoesNotConsumeNextDelivery" computerName="DESKTOP-BRVP0T3" duration="00:00:00.2001087" startTime="2026-10-06T12:08:11.8924451+07:00" endTime="2026-10-06T12:08:11.8924454+07:00" testType="13cdc9d9-ddb5-4fa4-a97d-d965ccfc6d4b" outcome="Passed" testListId="8c84fa94-04c1-424b-9868-57a2d4851a1d" relativeResultsDirectory="4d94f8bc-6e15-434a-a07c-5b710bb9f0e7" />
    <UnitTestResult executionId="8430090b-305c-41aa-a915-d9a04e3b07d1" testId="2320cdf5-957f-ca06-18fe-b89d0d579364" testName="ProductApi.Tests.SyncReliabilityTests.UnassignedVoyage_IsKeptPending_AndGetsScopedWhenItsVesselIsAssigned" computerName="DESKTOP-BRVP0T3" duration="00:00:02.7936481" startTime="2026-10-06T12:08:34.1514193+07:00" endTime="2026-10-06T12:08:34.1514195+07:00" testType="13cdc9d9-ddb5-4fa4-a97d-d965ccfc6d4b" outcome="Passed" testListId="8c84fa94-04c1-424b-9868-57a2d4851a1d" relativeResultsDirectory="8430090b-305c-41aa-a915-d9a04e3b07d1" />
    <UnitTestResult executionId="1dfecef1-547b-47b0-96f6-5ece10092847" testId="2392f795-e89c-fbce-e564-d62fec95d05b" testName="ProductApi.Tests.SyncReliabilityTests.MissingDeltaFails_AndOldEventsCannotResurrectDeletedRows" computerName="DESKTOP-BRVP0T3" duration="00:00:08.1946382" startTime="2026-10-06T12:10:09.3142937+07:00" endTime="2026-10-06T12:10:09.3142940+07:00" testType="13cdc9d9-ddb5-4fa4-a97d-d965ccfc6d4b" outcome="Passed" testListId="8c84fa94-04c1-424b-9868-57a2d4851a1d" relativeResultsDirectory="1dfecef1-547b-47b0-96f6-5ece10092847" />
    <UnitTestResult executionId="44294441-d484-4a7b-b579-43184c2d00b3" testId="3468d061-118f-e2d3-e39b-c201734d4f89" testName="ProductApi.Tests.VesselMaterialsTests.Sync_SimultaneousRequests_DoNotQueueDuplicateDefinitions" computerName="DESKTOP-BRVP0T3" duration="00:00:00.1004004" startTime="2026-10-06T12:08:11.3064108+07:00" endTime="2026-10-06T12:08:11.3064111+07:00" testType="13cdc9d9-ddb5-4fa4-a97d-d965ccfc6d4b" outcome="Passed" testListId="8c84fa94-04c1-424b-9868-57a2d4851a1d" relativeResultsDirectory="44294441-d484-4a7b-b579-43184c2d00b3" />
    <UnitTestResult executionId="2b0588a5-81a8-48c1-968a-c1bf50fed28a" testId="04156ddb-e8ef-7305-215b-8597ee85eb6c" testName="ProductApi.Tests.SyncReliabilityTests.IdempotencyKeys_AreNamespacedByNode_AndStableAcrossRetries" computerName="DESKTOP-BRVP0T3" duration="00:00:00.0015528" startTime="2026-10-06T12:09:31.1891462+07:00" endTime="2026-10-06T12:09:31.1891467+07:00" testType="13cdc9d9-ddb5-4fa4-a97d-d965ccfc6d4b" outcome="Passed" testListId="8c84fa94-04c1-424b-9868-57a2d4851a1d" relativeResultsDirectory="2b0588a5-81a8-48c1-968a-c1bf50fed28a" />
    <UnitTestResult executionId="511411e0-a248-495c-9a8e-94debc1f7baa" testId="3659cc89-65ee-ac27-a02b-c5ee59f558de" testName="ProductApi.Tests.SyncReliabilityTests.BusinessChange_RollsBackWhenItsOutboxCannotBeWritten" computerName="DESKTOP-BRVP0T3" duration="00:00:02.6089978" startTime="2026-10-06T12:08:31.3570217+07:00" endTime="2026-10-06T12:08:31.3570219+07:00" testType="13cdc9d9-ddb5-4fa4-a97d-d965ccfc6d4b" outcome="Passed" testListId="8c84fa94-04c1-424b-9868-57a2d4851a1d" relativeResultsDirectory="511411e0-a248-495c-9a8e-94debc1f7baa" />
    <UnitTestResult executionId="8ab6a3f2-6ad5-4e0b-b10a-580abf17f170" testId="d2d736c7-9140-309f-f552-2d909737c4c7" testName="ProductApi.Tests.SyncReliabilityTests.RawCountersAndSensorGuids_AreIsolatedPerVessel_WithRetryAndDeltaSafety" computerName="DESKTOP-BRVP0T3" duration="00:00:06.9460804" startTime="2026-10-06T12:08:14.2412401+07:00" endTime="2026-10-06T12:08:14.2412404+07:00" testType="13cdc9d9-ddb5-4fa4-a97d-d965ccfc6d4b" outcome="Passed" testListId="8c84fa94-04c1-424b-9868-57a2d4851a1d" relativeResultsDirectory="8ab6a3f2-6ad5-4e0b-b10a-580abf17f170" />
    <UnitTestResult executionId="1aef04b3-1645-49a3-b7f4-395b0cd8771b" testId="5e9a8a78-1894-dbc3-61e2-391e58ea0cb6" testName="ProductApi.Tests.SyncReliabilityTests.PullHonorsOfflineAndIridiumPriorities" computerName="DESKTOP-BRVP0T3" duration="00:00:05.6000237" startTime="2026-10-06T12:09:12.2836072+07:00" endTime="2026-10-06T12:09:12.2836077+07:00" testType="13cdc9d9-ddb5-4fa4-a97d-d965ccfc6d4b" outcome="Passed" testListId="8c84fa94-04c1-424b-9868-57a2d4851a1d" relativeResultsDirectory="1aef04b3-1645-49a3-b7f4-395b0cd8771b" />
    <UnitTestResult executionId="7e522d0d-f4d7-40ad-ba9f-c90f8106bde5" testId="14eda097-1dd1-4b02-c1d9-6b8f67c0c9fd" testName="ProductApi.Tests.SyncReliabilityTests.CrewRecovery_OnlyRestoresServiceHistoryUploadedByTheRecipientVessel" computerName="DESKTOP-BRVP0T3" duration="00:00:02.8551424" startTime="2026-10-06T12:08:51.4952116+07:00" endTime="2026-10-06T12:08:51.4952118+07:00" testType="13cdc9d9-ddb5-4fa4-a97d-d965ccfc6d4b" outcome="Passed" testListId="8c84fa94-04c1-424b-9868-57a2d4851a1d" relativeResultsDirectory="7e522d0d-f4d7-40ad-ba9f-c90f8106bde5" />
    <UnitTestResult executionId="2fc391b4-3467-4e85-8212-7dbc54ee8762" testId="61e2f36c-3904-d5bb-a07f-ace127ae9fa9" testName="ProductApi.Tests.VesselMaterialsTests.Sync_RejectsUnchangedPendingOrDeliveredData_AndQueuesOnlyChangesIncludingDeletion" computerName="DESKTOP-BRVP0T3" duration="00:00:00.2318337" startTime="2026-10-06T12:08:11.5386881+07:00" endTime="2026-10-06T12:08:11.5386883+07:00" testType="13cdc9d9-ddb5-4fa4-a97d-d965ccfc6d4b" outcome="Passed" testListId="8c84fa94-04c1-424b-9868-57a2d4851a1d" relativeResultsDirectory="2fc391b4-3467-4e85-8212-7dbc54ee8762" />
    <UnitTestResult executionId="d4a04cb1-025f-46bf-8486-87e3443cf5b8" testId="b0fbade2-4f3c-74f1-9421-ece364aafa8e" testName="ProductApi.Tests.SyncReliabilityTests.ChunkUpload_ResumesWithoutDeletingCommittedChunks_AfterServiceRestart(delta: True, missingBase: False)" computerName="DESKTOP-BRVP0T3" duration="00:00:02.7462463" startTime="2026-10-06T12:08:45.8202175+07:00" endTime="2026-10-06T12:08:45.8202177+07:00" testType="13cdc9d9-ddb5-4fa4-a97d-d965ccfc6d4b" outcome="Passed" testListId="8c84fa94-04c1-424b-9868-57a2d4851a1d" relativeResultsDirectory="d4a04cb1-025f-46bf-8486-87e3443cf5b8" />
    <UnitTestResult executionId="95d250c8-e316-4f2a-a2a5-d0f4677a91da" testId="5fd22d6a-5d0f-aa5a-3412-9cd997288e11" testName="ProductApi.Tests.SyncReliabilityTests.ShoreFileManifests_AreScopedToTheReceiver_AndCannotUseAClientSuppliedSourcePath" computerName="DESKTOP-BRVP0T3" duration="00:00:03.0762273" startTime="2026-10-06T12:08:20.3537423+07:00" endTime="2026-10-06T12:08:20.3537426+07:00" testType="13cdc9d9-ddb5-4fa4-a97d-d965ccfc6d4b" outcome="Passed" testListId="8c84fa94-04c1-424b-9868-57a2d4851a1d" relativeResultsDirectory="95d250c8-e316-4f2a-a2a5-d0f4677a91da" />
    <UnitTestResult executionId="24fcfd7d-4f51-4175-bf92-44eef9fa6c5b" testId="923258c5-c5a8-a87a-c664-d6d7fab68ca2" testName="ProductApi.Tests.MaterialCatalogImportTests.Import_OutboxFailure_RollsBackCatalogWrite" computerName="DESKTOP-BRVP0T3" duration="00:00:00.1320386" startTime="2026-10-06T12:08:10.2190738+07:00" endTime="2026-10-06T12:08:10.2190741+07:00" testType="13cdc9d9-ddb5-4fa4-a97d-d965ccfc6d4b" outcome="Passed" testListId="8c84fa94-04c1-424b-9868-57a2d4851a1d" relativeResultsDirectory="24fcfd7d-4f51-4175-bf92-44eef9fa6c5b" />
    <UnitTestResult executionId="5593628d-4bee-4ed5-8bfe-b1b943493382" testId="ed9e8cd4-1b5d-416d-5037-97574e59711c" testName="ProductApi.Tests.SyncReliabilityTests.Deferral_WaitsForTask_RemapUsesItsOwnVessel_AndCannotMoveAcrossTasks" computerName="DESKTOP-BRVP0T3" duration="00:00:09.9314876" startTime="2026-10-06T12:09:52.8610034+07:00" endTime="2026-10-06T12:09:52.8610036+07:00" testType="13cdc9d9-ddb5-4fa4-a97d-d965ccfc6d4b" outcome="Passed" testListId="8c84fa94-04c1-424b-9868-57a2d4851a1d" relativeResultsDirectory="5593628d-4bee-4ed5-8bfe-b1b943493382" />
    <UnitTestResult executionId="7d90cfbc-8150-4942-b171-d6d310af41ec" testId="2c8c73c4-7ead-8a0f-c803-065afe228898" testName="ProductApi.Tests.SyncReliabilityTests.MirrorMigration_AddsAllFourTablesAndKeepsExistingData" computerName="DESKTOP-BRVP0T3" duration="00:00:10.0075424" startTime="2026-10-06T12:10:26.8058273+07:00" endTime="2026-10-06T12:10:26.8058277+07:00" testType="13cdc9d9-ddb5-4fa4-a97d-d965ccfc6d4b" outcome="Passed" testListId="8c84fa94-04c1-424b-9868-57a2d4851a1d" relativeResultsDirectory="7d90cfbc-8150-4942-b171-d6d310af41ec" />
    <UnitTestResult executionId="99ce8d82-d2c0-4684-8b31-ef8bdd8fad5d" testId="0df51b31-3a02-2f12-b1a9-dcb2e428c038" testName="ProductApi.Tests.SyncReliabilityTests.VesselLocalKeyCollisions_AreMappedWithoutChangingAnotherVesselsData" computerName="DESKTOP-BRVP0T3" duration="00:00:09.5769007" startTime="2026-10-06T12:09:21.8617062+07:00" endTime="2026-10-06T12:09:21.8617073+07:00" testType="13cdc9d9-ddb5-4fa4-a97d-d965ccfc6d4b" outcome="Passed" testListId="8c84fa94-04c1-424b-9868-57a2d4851a1d" relativeResultsDirectory="99ce8d82-d2c0-4684-8b31-ef8bdd8fad5d" />
    <UnitTestResult executionId="161792b8-0809-4e82-96ca-a372606820c6" testId="b1d3f4d8-118d-5796-600b-b315c6bc4561" testName="ProductApi.Tests.SyncReliabilityTests.RankRequirements_PreservesUnchangedIdsAndBroadcastsOnlyAddedAndRemovedMappings" computerName="DESKTOP-BRVP0T3" duration="00:00:02.6652379" startTime="2026-10-06T12:08:23.0196460+07:00" endTime="2026-10-06T12:08:23.0196462+07:00" testType="13cdc9d9-ddb5-4fa4-a97d-d965ccfc6d4b" outcome="Passed" testListId="8c84fa94-04c1-424b-9868-57a2d4851a1d" relativeResultsDirectory="161792b8-0809-4e82-96ca-a372606820c6" />
    <UnitTestResult executionId="1543d30b-9f0f-4668-a2dd-7a32a6ebde27" testId="198f2212-2996-0106-d4ac-ed2ff0b29776" testName="ProductApi.Tests.VesselMaterialsTests.Definitions_AreScoped_NoCategoryRequired_AndSyncWaitsForAcknowledgement" computerName="DESKTOP-BRVP0T3" duration="00:00:00.3710479" startTime="2026-10-06T12:08:12.3263843+07:00" endTime="2026-10-06T12:08:12.3263844+07:00" testType="13cdc9d9-ddb5-4fa4-a97d-d965ccfc6d4b" outcome="Passed" testListId="8c84fa94-04c1-424b-9868-57a2d4851a1d" relativeResultsDirectory="1543d30b-9f0f-4668-a2dd-7a32a6ebde27" />
    <UnitTestResult executionId="71cc8305-08e3-48f4-a6ca-5cea9711e403" testId="97bf0e9f-b9a3-67de-46c8-406331e075c4" testName="ProductApi.Tests.VesselMaterialsTests.LegacyMaterialUploads_AreIgnored_WithoutChangingShoreData" computerName="DESKTOP-BRVP0T3" duration="00:00:03.0393366" startTime="2026-10-06T12:08:10.3344477+07:00" endTime="2026-10-06T12:08:10.3344484+07:00" testType="13cdc9d9-ddb5-4fa4-a97d-d965ccfc6d4b" outcome="Passed" testListId="8c84fa94-04c1-424b-9868-57a2d4851a1d" relativeResultsDirectory="71cc8305-08e3-48f4-a6ca-5cea9711e403" />
    <UnitTestResult executionId="66959ef4-3dc3-47dc-9c81-8082802d6a22" testId="7956ee6a-fa9f-ca94-745a-0ee277aa1412" testName="ProductApi.Tests.SyncReliabilityTests.AckForAnOldSnapshot_CannotConsumeTheNewSnapshot" computerName="DESKTOP-BRVP0T3" duration="00:00:11.7379418" startTime="2026-10-06T12:09:42.9283488+07:00" endTime="2026-10-06T12:09:42.9283490+07:00" testType="13cdc9d9-ddb5-4fa4-a97d-d965ccfc6d4b" outcome="Passed" testListId="8c84fa94-04c1-424b-9868-57a2d4851a1d" relativeResultsDirectory="66959ef4-3dc3-47dc-9c81-8082802d6a22" />
    <UnitTestResult executionId="a0745402-4b61-4193-97fc-718d5dd57b9c" testId="0cfe065f-383a-b690-6d58-97bd493fa807" testName="ProductApi.Tests.SyncReliabilityTests.InvalidSensorPayload_IsNotAcknowledged_AndDoesNotPoisonTheNextRetry" computerName="DESKTOP-BRVP0T3" duration="00:00:02.8176305" startTime="2026-10-06T12:08:28.7475314+07:00" endTime="2026-10-06T12:08:28.7475316+07:00" testType="13cdc9d9-ddb5-4fa4-a97d-d965ccfc6d4b" outcome="Passed" testListId="8c84fa94-04c1-424b-9868-57a2d4851a1d" relativeResultsDirectory="a0745402-4b61-4193-97fc-718d5dd57b9c" />
    <UnitTestResult executionId="9838c7fd-27b7-425c-a094-3d5cabdbcc5c" testId="1de95d54-c40d-0cb3-e1d3-66d792d32fd1" testName="ProductApi.Tests.SyncReliabilityTests.UnprovisionedVesselRoutes_WaitForOneNode_AndUnknownOriginsDoNotCreateVessels" computerName="DESKTOP-BRVP0T3" duration="00:00:08.2564397" startTime="2026-10-06T12:10:01.1184988+07:00" endTime="2026-10-06T12:10:01.1184990+07:00" testType="13cdc9d9-ddb5-4fa4-a97d-d965ccfc6d4b" outcome="Passed" testListId="8c84fa94-04c1-424b-9868-57a2d4851a1d" relativeResultsDirectory="9838c7fd-27b7-425c-a094-3d5cabdbcc5c" />
    <UnitTestResult executionId="67e2f60d-63aa-48de-8ae6-267e477e3b77" testId="12df7aaa-3203-ff35-d494-abc74a345428" testName="ProductApi.Tests.SyncReliabilityTests.VoyageService_CreateUpdateDelete_RoutesParentAndChildrenOnlyToTheirVessel" computerName="DESKTOP-BRVP0T3" duration="00:00:04.9293886" startTime="2026-10-06T12:08:56.4260619+07:00" endTime="2026-10-06T12:08:56.4260625+07:00" testType="13cdc9d9-ddb5-4fa4-a97d-d965ccfc6d4b" outcome="Passed" testListId="8c84fa94-04c1-424b-9868-57a2d4851a1d" relativeResultsDirectory="67e2f60d-63aa-48de-8ae6-267e477e3b77" />
    <UnitTestResult executionId="e061ff19-25fd-472c-b8de-81a5c65483e5" testId="d159b375-179e-e9dc-a9d8-cbd669940066" testName="ProductApi.Tests.SyncReliabilityTests.ChunkUpload_ResumesWithoutDeletingCommittedChunks_AfterServiceRestart(delta: True, missingBase: True)" computerName="DESKTOP-BRVP0T3" duration="00:00:02.9626062" startTime="2026-10-06T12:08:40.3976353+07:00" endTime="2026-10-06T12:08:40.3976356+07:00" testType="13cdc9d9-ddb5-4fa4-a97d-d965ccfc6d4b" outcome="Passed" testListId="8c84fa94-04c1-424b-9868-57a2d4851a1d" relativeResultsDirectory="e061ff19-25fd-472c-b8de-81a5c65483e5" />
    <UnitTestResult executionId="d3cf6a44-a14a-4b9b-b7cb-7349bd1b0b0d" testId="1b0a8f10-0904-bd68-5273-4749beb22a70" testName="ProductApi.Tests.SyncReliabilityTests.RankRequirements_RollsBackBusinessChangeWhenBroadcastFails" computerName="DESKTOP-BRVP0T3" duration="00:00:07.9765089" startTime="2026-10-06T12:10:43.6776070+07:00" endTime="2026-10-06T12:10:43.6776074+07:00" testType="13cdc9d9-ddb5-4fa4-a97d-d965ccfc6d4b" outcome="Passed" testListId="8c84fa94-04c1-424b-9868-57a2d4851a1d" relativeResultsDirectory="d3cf6a44-a14a-4b9b-b7cb-7349bd1b0b0d" />
    <UnitTestResult executionId="6179282e-dae7-4336-bde1-acabd9a457d4" testId="ec422d14-64cc-0048-6de8-f76cae8727a2" testName="ProductApi.Tests.SyncReliabilityTests.DeferralFiles_UseTheSupplierKeyMapping_ReuseVerifiedBytes_AndIgnoreRemovedEvidence" computerName="DESKTOP-BRVP0T3" duration="00:00:03.2823797" startTime="2026-10-06T12:08:37.4344726+07:00" endTime="2026-10-06T12:08:37.4344728+07:00" testType="13cdc9d9-ddb5-4fa4-a97d-d965ccfc6d4b" outcome="Passed" testListId="8c84fa94-04c1-424b-9868-57a2d4851a1d" relativeResultsDirectory="6179282e-dae7-4336-bde1-acabd9a457d4" />
    <UnitTestResult executionId="6cf6ac61-10b0-4c8a-941c-a2efcee4d6c1" testId="6720b1f6-a0c6-4c13-560d-6d15dc8a543b" testName="ProductApi.Tests.VesselMaterialsTests.CrewPull_AcceptsLegacyImoTarget_QueuesReferences_AndKeepsAckScopedToVessel" computerName="DESKTOP-BRVP0T3" duration="00:00:00.5488035" startTime="2026-10-06T12:08:10.8837296+07:00" endTime="2026-10-06T12:08:10.8837300+07:00" testType="13cdc9d9-ddb5-4fa4-a97d-d965ccfc6d4b" outcome="Passed" testListId="8c84fa94-04c1-424b-9868-57a2d4851a1d" relativeResultsDirectory="6cf6ac61-10b0-4c8a-941c-a2efcee4d6c1" />
    <UnitTestResult executionId="e418fbec-5053-42b0-a121-1a1ba52f3307" testId="906b6f8a-7c8e-7c61-7fb2-770beae50e58" testName="ProductApi.Tests.MaterialCatalogImportTests.Import_CreatesUpdatesAndEnqueuesCatalog_WithoutCreatingShipStock" computerName="DESKTOP-BRVP0T3" duration="00:00:02.7846715" startTime="2026-10-06T12:08:10.0860179+07:00" endTime="2026-10-06T12:08:10.0860309+07:00" testType="13cdc9d9-ddb5-4fa4-a97d-d965ccfc6d4b" outcome="Passed" testListId="8c84fa94-04c1-424b-9868-57a2d4851a1d" relativeResultsDirectory="e418fbec-5053-42b0-a121-1a1ba52f3307" />
    <UnitTestResult executionId="6e89108a-d754-47fd-b8c0-4f3240cfff04" testId="566f2829-afc0-ff69-30e8-a08f0ed00bf2" testName="ProductApi.Tests.SyncReliabilityTests.ChunkUpload_ResumesWithoutDeletingCommittedChunks_AfterServiceRestart(delta: False, missingBase: False)" computerName="DESKTOP-BRVP0T3" duration="00:00:02.6752439" startTime="2026-10-06T12:08:43.0734627+07:00" endTime="2026-10-06T12:08:43.0734629+07:00" testType="13cdc9d9-ddb5-4fa4-a97d-d965ccfc6d4b" outcome="Passed" testListId="8c84fa94-04c1-424b-9868-57a2d4851a1d" relativeResultsDirectory="6e89108a-d754-47fd-b8c0-4f3240cfff04" />
    <UnitTestResult executionId="75ad2c99-47b2-4874-8e0c-a158d460c292" testId="c67dd6b5-5f75-220a-d4b2-1313f8e79e7c" testName="ProductApi.Tests.SyncReliabilityTests.NumericLocalKeys_AndTheirChildForeignKeys_AreMappedPerNode" computerName="DESKTOP-BRVP0T3" duration="00:00:05.4835950" startTime="2026-10-06T12:09:01.9104608+07:00" endTime="2026-10-06T12:09:01.9104609+07:00" testType="13cdc9d9-ddb5-4fa4-a97d-d965ccfc6d4b" outcome="Passed" testListId="8c84fa94-04c1-424b-9868-57a2d4851a1d" relativeResultsDirectory="75ad2c99-47b2-4874-8e0c-a158d460c292" />
    <UnitTestResult executionId="bfac8d05-94df-4a0e-b2b2-8cc3019a8360" testId="4a5113a2-e819-a488-7e16-c4862ffcc62d" testName="ProductApi.Tests.SyncReliabilityTests.Dashboard_OutboxTracksBroadcastReceiptsSeparatelyForEachShip" computerName="DESKTOP-BRVP0T3" duration="00:00:09.3236975" startTime="2026-10-06T12:09:31.1871849+07:00" endTime="2026-10-06T12:09:31.1871852+07:00" testType="13cdc9d9-ddb5-4fa4-a97d-d965ccfc6d4b" outcome="Passed" testListId="8c84fa94-04c1-424b-9868-57a2d4851a1d" relativeResultsDirectory="bfac8d05-94df-4a0e-b2b2-8cc3019a8360" />
  </Results>
  <TestDefinitions>
    <UnitTest name="ProductApi.Tests.VesselMaterialsTests.MaintenanceUpload_PreservesOriginalWorkCodeAndCalendarUnits" storage="d:\nckh\product\martime_product_v1.1\shore_product\backend.tests\bin\debug\net8.0\product-api.tests.dll" id="fae3176f-c736-70cf-cd94-36cf5052fb66">
      <Execution id="9bf9d753-27c4-4e0a-97e5-45d6f8454c69" />
      <TestMethod codeBase="D:\NCKH\Product\Martime_product_v1.1\shore_product\backend.Tests\bin\Debug\net8.0\product-api.Tests.dll" adapterTypeName="executor://xunit/VsTestRunner2/netcoreapp" className="ProductApi.Tests.VesselMaterialsTests" name="MaintenanceUpload_PreservesOriginalWorkCodeAndCalendarUnits" />
    </UnitTest>
    <UnitTest name="ProductApi.Tests.SyncReliabilityTests.UnprovisionedVesselRoutes_WaitForOneNode_AndUnknownOriginsDoNotCreateVessels" storage="d:\nckh\product\martime_product_v1.1\shore_product\backend.tests\bin\debug\net8.0\product-api.tests.dll" id="1de95d54-c40d-0cb3-e1d3-66d792d32fd1">
      <Execution id="9838c7fd-27b7-425c-a094-3d5cabdbcc5c" />
      <TestMethod codeBase="D:\NCKH\Product\Martime_product_v1.1\shore_product\backend.Tests\bin\Debug\net8.0\product-api.Tests.dll" adapterTypeName="executor://xunit/VsTestRunner2/netcoreapp" className="ProductApi.Tests.SyncReliabilityTests" name="UnprovisionedVesselRoutes_WaitForOneNode_AndUnknownOriginsDoNotCreateVessels" />
    </UnitTest>
    <UnitTest name="ProductApi.Tests.VesselMaterialsTests.RepairEquipmentOwnership_UsesSuccessfulSyncLogs_AndSkipsAmbiguousOrExistingOwners" storage="d:\nckh\product\martime_product_v1.1\shore_product\backend.tests\bin\debug\net8.0\product-api.tests.dll" id="11f85788-0618-76ef-35da-5720907d4619">
      <Execution id="870cce28-a80f-433d-8220-70751494e158" />
      <TestMethod codeBase="D:\NCKH\Product\Martime_product_v1.1\shore_product\backend.Tests\bin\Debug\net8.0\product-api.Tests.dll" adapterTypeName="executor://xunit/VsTestRunner2/netcoreapp" className="ProductApi.Tests.VesselMaterialsTests" name="RepairEquipmentOwnership_UsesSuccessfulSyncLogs_AndSkipsAmbiguousOrExistingOwners" />
    </UnitTest>
    <UnitTest name="ProductApi.Tests.SyncReliabilityTests.DeliveryMigration_UpgradesExistingOutboxWithoutDeletingPendingEvents" storage="d:\nckh\product\martime_product_v1.1\shore_product\backend.tests\bin\debug\net8.0\product-api.tests.dll" id="cbf37fb6-1bd7-3f55-20b0-01a1c9dc48f6">
      <Execution id="4918b5f4-f619-496d-8d71-6c6c8550d0ab" />
      <TestMethod codeBase="D:\NCKH\Product\Martime_product_v1.1\shore_product\backend.Tests\bin\Debug\net8.0\product-api.Tests.dll" adapterTypeName="executor://xunit/VsTestRunner2/netcoreapp" className="ProductApi.Tests.SyncReliabilityTests" name="DeliveryMigration_UpgradesExistingOutboxWithoutDeletingPendingEvents" />
    </UnitTest>
    <UnitTest name="ProductApi.Tests.SyncReliabilityTests.BusinessChange_RollsBackWhenItsOutboxCannotBeWritten" storage="d:\nckh\product\martime_product_v1.1\shore_product\backend.tests\bin\debug\net8.0\product-api.tests.dll" id="3659cc89-65ee-ac27-a02b-c5ee59f558de">
      <Execution id="511411e0-a248-495c-9a8e-94debc1f7baa" />
      <TestMethod codeBase="D:\NCKH\Product\Martime_product_v1.1\shore_product\backend.Tests\bin\Debug\net8.0\product-api.Tests.dll" adapterTypeName="executor://xunit/VsTestRunner2/netcoreapp" className="ProductApi.Tests.SyncReliabilityTests" name="BusinessChange_RollsBackWhenItsOutboxCannotBeWritten" />
    </UnitTest>
    <UnitTest name="ProductApi.Tests.SyncReliabilityTests.VesselLocalKeyCollisions_AreMappedWithoutChangingAnotherVesselsData" storage="d:\nckh\product\martime_product_v1.1\shore_product\backend.tests\bin\debug\net8.0\product-api.tests.dll" id="0df51b31-3a02-2f12-b1a9-dcb2e428c038">
      <Execution id="99ce8d82-d2c0-4684-8b31-ef8bdd8fad5d" />
      <TestMethod codeBase="D:\NCKH\Product\Martime_product_v1.1\shore_product\backend.Tests\bin\Debug\net8.0\product-api.Tests.dll" adapterTypeName="executor://xunit/VsTestRunner2/netcoreapp" className="ProductApi.Tests.SyncReliabilityTests" name="VesselLocalKeyCollisions_AreMappedWithoutChangingAnotherVesselsData" />
    </UnitTest>
    <UnitTest name="ProductApi.Tests.SyncReliabilityTests.ChunkUpload_ResumesWithoutDeletingCommittedChunks_AfterServiceRestart(delta: False, missingBase: False)" storage="d:\nckh\product\martime_product_v1.1\shore_product\backend.tests\bin\debug\net8.0\product-api.tests.dll" id="566f2829-afc0-ff69-30e8-a08f0ed00bf2">
      <Execution id="6e89108a-d754-47fd-b8c0-4f3240cfff04" />
      <TestMethod codeBase="D:\NCKH\Product\Martime_product_v1.1\shore_product\backend.Tests\bin\Debug\net8.0\product-api.Tests.dll" adapterTypeName="executor://xunit/VsTestRunner2/netcoreapp" className="ProductApi.Tests.SyncReliabilityTests" name="ChunkUpload_ResumesWithoutDeletingCommittedChunks_AfterServiceRestart" />
    </UnitTest>
    <UnitTest name="ProductApi.Tests.SyncReliabilityTests.UnassignedVoyage_IsKeptPending_AndGetsScopedWhenItsVesselIsAssigned" storage="d:\nckh\product\martime_product_v1.1\shore_product\backend.tests\bin\debug\net8.0\product-api.tests.dll" id="2320cdf5-957f-ca06-18fe-b89d0d579364">
      <Execution id="8430090b-305c-41aa-a915-d9a04e3b07d1" />
      <TestMethod codeBase="D:\NCKH\Product\Martime_product_v1.1\shore_product\backend.Tests\bin\Debug\net8.0\product-api.Tests.dll" adapterTypeName="executor://xunit/VsTestRunner2/netcoreapp" className="ProductApi.Tests.SyncReliabilityTests" name="UnassignedVoyage_IsKeptPending_AndGetsScopedWhenItsVesselIsAssigned" />
    </UnitTest>
    <UnitTest name="ProductApi.Tests.VesselMaterialsTests.Acknowledgement_OnlyMarksExactIds_AndRepeatedAckDoesNotConsumeNextDelivery" storage="d:\nckh\product\martime_product_v1.1\shore_product\backend.tests\bin\debug\net8.0\product-api.tests.dll" id="b94311a0-7520-bc5e-79ae-75a3d7715d00">
      <Execution id="4d94f8bc-6e15-434a-a07c-5b710bb9f0e7" />
      <TestMethod codeBase="D:\NCKH\Product\Martime_product_v1.1\shore_product\backend.Tests\bin\Debug\net8.0\product-api.Tests.dll" adapterTypeName="executor://xunit/VsTestRunner2/netcoreapp" className="ProductApi.Tests.VesselMaterialsTests" name="Acknowledgement_OnlyMarksExactIds_AndRepeatedAckDoesNotConsumeNextDelivery" />
    </UnitTest>
    <UnitTest name="ProductApi.Tests.VesselMaterialsTests.CrewPull_AcceptsLegacyImoTarget_QueuesReferences_AndKeepsAckScopedToVessel" storage="d:\nckh\product\martime_product_v1.1\shore_product\backend.tests\bin\debug\net8.0\product-api.tests.dll" id="6720b1f6-a0c6-4c13-560d-6d15dc8a543b">
      <Execution id="6cf6ac61-10b0-4c8a-941c-a2efcee4d6c1" />
      <TestMethod codeBase="D:\NCKH\Product\Martime_product_v1.1\shore_product\backend.Tests\bin\Debug\net8.0\product-api.Tests.dll" adapterTypeName="executor://xunit/VsTestRunner2/netcoreapp" className="ProductApi.Tests.VesselMaterialsTests" name="CrewPull_AcceptsLegacyImoTarget_QueuesReferences_AndKeepsAckScopedToVessel" />
    </UnitTest>
    <UnitTest name="ProductApi.Tests.MaterialCatalogImportTests.Import_OutboxFailure_RollsBackCatalogWrite" storage="d:\nckh\product\martime_product_v1.1\shore_product\backend.tests\bin\debug\net8.0\product-api.tests.dll" id="923258c5-c5a8-a87a-c664-d6d7fab68ca2">
      <Execution id="24fcfd7d-4f51-4175-bf92-44eef9fa6c5b" />
      <TestMethod codeBase="D:\NCKH\Product\Martime_product_v1.1\shore_product\backend.Tests\bin\Debug\net8.0\product-api.Tests.dll" adapterTypeName="executor://xunit/VsTestRunner2/netcoreapp" className="ProductApi.Tests.MaterialCatalogImportTests" name="Import_OutboxFailure_RollsBackCatalogWrite" />
    </UnitTest>
    <UnitTest name="ProductApi.Tests.SyncReliabilityTests.InvalidSensorPayload_IsNotAcknowledged_AndDoesNotPoisonTheNextRetry" storage="d:\nckh\product\martime_product_v1.1\shore_product\backend.tests\bin\debug\net8.0\product-api.tests.dll" id="0cfe065f-383a-b690-6d58-97bd493fa807">
      <Execution id="a0745402-4b61-4193-97fc-718d5dd57b9c" />
      <TestMethod codeBase="D:\NCKH\Product\Martime_product_v1.1\shore_product\backend.Tests\bin\Debug\net8.0\product-api.Tests.dll" adapterTypeName="executor://xunit/VsTestRunner2/netcoreapp" className="ProductApi.Tests.SyncReliabilityTests" name="InvalidSensorPayload_IsNotAcknowledged_AndDoesNotPoisonTheNextRetry" />
    </UnitTest>
    <UnitTest name="ProductApi.Tests.SyncReliabilityTests.MissingDeltaFails_AndOldEventsCannotResurrectDeletedRows" storage="d:\nckh\product\martime_product_v1.1\shore_product\backend.tests\bin\debug\net8.0\product-api.tests.dll" id="2392f795-e89c-fbce-e564-d62fec95d05b">
      <Execution id="1dfecef1-547b-47b0-96f6-5ece10092847" />
      <TestMethod codeBase="D:\NCKH\Product\Martime_product_v1.1\shore_product\backend.Tests\bin\Debug\net8.0\product-api.Tests.dll" adapterTypeName="executor://xunit/VsTestRunner2/netcoreapp" className="ProductApi.Tests.SyncReliabilityTests" name="MissingDeltaFails_AndOldEventsCannotResurrectDeletedRows" />
    </UnitTest>
    <UnitTest name="ProductApi.Tests.SyncReliabilityTests.RankRequirements_RollsBackBusinessChangeWhenBroadcastFails" storage="d:\nckh\product\martime_product_v1.1\shore_product\backend.tests\bin\debug\net8.0\product-api.tests.dll" id="1b0a8f10-0904-bd68-5273-4749beb22a70">
      <Execution id="d3cf6a44-a14a-4b9b-b7cb-7349bd1b0b0d" />
      <TestMethod codeBase="D:\NCKH\Product\Martime_product_v1.1\shore_product\backend.Tests\bin\Debug\net8.0\product-api.Tests.dll" adapterTypeName="executor://xunit/VsTestRunner2/netcoreapp" className="ProductApi.Tests.SyncReliabilityTests" name="RankRequirements_RollsBackBusinessChangeWhenBroadcastFails" />
    </UnitTest>
    <UnitTest name="ProductApi.Tests.SyncReliabilityTests.Broadcast_IsDeliveredIndependently_AndRepeatedAckIsSafe" storage="d:\nckh\product\martime_product_v1.1\shore_product\backend.tests\bin\debug\net8.0\product-api.tests.dll" id="c167cf1a-a97e-9479-f7a4-13bd5d5b363c">
      <Execution id="aa7ff46e-7d6f-472d-86a7-b6e2dba8aa80" />
      <TestMethod codeBase="D:\NCKH\Product\Martime_product_v1.1\shore_product\backend.Tests\bin\Debug\net8.0\product-api.Tests.dll" adapterTypeName="executor://xunit/VsTestRunner2/netcoreapp" className="ProductApi.Tests.SyncReliabilityTests" name="Broadcast_IsDeliveredIndependently_AndRepeatedAckIsSafe" />
    </UnitTest>
    <UnitTest name="ProductApi.Tests.SyncReliabilityTests.ChunkUpload_ResumesWithoutDeletingCommittedChunks_AfterServiceRestart(delta: True, missingBase: True)" storage="d:\nckh\product\martime_product_v1.1\shore_product\backend.tests\bin\debug\net8.0\product-api.tests.dll" id="d159b375-179e-e9dc-a9d8-cbd669940066">
      <Execution id="e061ff19-25fd-472c-b8de-81a5c65483e5" />
      <TestMethod codeBase="D:\NCKH\Product\Martime_product_v1.1\shore_product\backend.Tests\bin\Debug\net8.0\product-api.Tests.dll" adapterTypeName="executor://xunit/VsTestRunner2/netcoreapp" className="ProductApi.Tests.SyncReliabilityTests" name="ChunkUpload_ResumesWithoutDeletingCommittedChunks_AfterServiceRestart" />
    </UnitTest>
    <UnitTest name="ProductApi.Tests.VesselMaterialsTests.EquipmentUpload_UsesRegisteredNodeVessel_InsteadOfTreatingNodeIdAsImo" storage="d:\nckh\product\martime_product_v1.1\shore_product\backend.tests\bin\debug\net8.0\product-api.tests.dll" id="7167bec8-b447-ac74-d085-a7976264bd38">
      <Execution id="52b77b13-1b48-492a-97fd-ca481dd9bfba" />
      <TestMethod codeBase="D:\NCKH\Product\Martime_product_v1.1\shore_product\backend.Tests\bin\Debug\net8.0\product-api.Tests.dll" adapterTypeName="executor://xunit/VsTestRunner2/netcoreapp" className="ProductApi.Tests.VesselMaterialsTests" name="EquipmentUpload_UsesRegisteredNodeVessel_InsteadOfTreatingNodeIdAsImo" />
    </UnitTest>
    <UnitTest name="ProductApi.Tests.SyncReliabilityTests.LegacyVoyageBroadcast_IsRoutedWithoutLosingItsRecipientReceipt_AndUnscopedDeleteIsHeld" storage="d:\nckh\product\martime_product_v1.1\shore_product\backend.tests\bin\debug\net8.0\product-api.tests.dll" id="42ecab6b-d278-05e8-e8e2-396e27ee45c8">
      <Execution id="d99a13a5-face-42ef-a90d-a331146d289c" />
      <TestMethod codeBase="D:\NCKH\Product\Martime_product_v1.1\shore_product\backend.Tests\bin\Debug\net8.0\product-api.Tests.dll" adapterTypeName="executor://xunit/VsTestRunner2/netcoreapp" className="ProductApi.Tests.SyncReliabilityTests" name="LegacyVoyageBroadcast_IsRoutedWithoutLosingItsRecipientReceipt_AndUnscopedDeleteIsHeld" />
    </UnitTest>
    <UnitTest name="ProductApi.Tests.VesselMaterialsTests.Import_InvalidOrDuplicateBatch_WritesNothing_AndValidBatchIsVesselScoped" storage="d:\nckh\product\martime_product_v1.1\shore_product\backend.tests\bin\debug\net8.0\product-api.tests.dll" id="cb8714a3-b161-eb57-8112-c25961ec05c2">
      <Execution id="82a7b883-095d-40fa-a70a-344cdc6af1b2" />
      <TestMethod codeBase="D:\NCKH\Product\Martime_product_v1.1\shore_product\backend.Tests\bin\Debug\net8.0\product-api.Tests.dll" adapterTypeName="executor://xunit/VsTestRunner2/netcoreapp" className="ProductApi.Tests.VesselMaterialsTests" name="Import_InvalidOrDuplicateBatch_WritesNothing_AndValidBatchIsVesselScoped" />
    </UnitTest>
    <UnitTest name="ProductApi.Tests.SyncReliabilityTests.VoyageWrite_RollsBackWhenTheScopedOutboxWriteFails" storage="d:\nckh\product\martime_product_v1.1\shore_product\backend.tests\bin\debug\net8.0\product-api.tests.dll" id="25d6a483-a2b0-faac-bec7-74c3813ff132">
      <Execution id="a05513c1-394b-4074-9d54-1ab92c91566c" />
      <TestMethod codeBase="D:\NCKH\Product\Martime_product_v1.1\shore_product\backend.Tests\bin\Debug\net8.0\product-api.Tests.dll" adapterTypeName="executor://xunit/VsTestRunner2/netcoreapp" className="ProductApi.Tests.SyncReliabilityTests" name="VoyageWrite_RollsBackWhenTheScopedOutboxWriteFails" />
    </UnitTest>
    <UnitTest name="ProductApi.Tests.SyncReliabilityTests.ChunkUpload_ResumesWithoutDeletingCommittedChunks_AfterServiceRestart(delta: True, missingBase: False)" storage="d:\nckh\product\martime_product_v1.1\shore_product\backend.tests\bin\debug\net8.0\product-api.tests.dll" id="b0fbade2-4f3c-74f1-9421-ece364aafa8e">
      <Execution id="d4a04cb1-025f-46bf-8486-87e3443cf5b8" />
      <TestMethod codeBase="D:\NCKH\Product\Martime_product_v1.1\shore_product\backend.Tests\bin\Debug\net8.0\product-api.Tests.dll" adapterTypeName="executor://xunit/VsTestRunner2/netcoreapp" className="ProductApi.Tests.SyncReliabilityTests" name="ChunkUpload_ResumesWithoutDeletingCommittedChunks_AfterServiceRestart" />
    </UnitTest>
    <UnitTest name="ProductApi.Tests.SyncReliabilityTests.Deferral_WaitsForTask_RemapUsesItsOwnVessel_AndCannotMoveAcrossTasks" storage="d:\nckh\product\martime_product_v1.1\shore_product\backend.tests\bin\debug\net8.0\product-api.tests.dll" id="ed9e8cd4-1b5d-416d-5037-97574e59711c">
      <Execution id="5593628d-4bee-4ed5-8bfe-b1b943493382" />
      <TestMethod codeBase="D:\NCKH\Product\Martime_product_v1.1\shore_product\backend.Tests\bin\Debug\net8.0\product-api.Tests.dll" adapterTypeName="executor://xunit/VsTestRunner2/netcoreapp" className="ProductApi.Tests.SyncReliabilityTests" name="Deferral_WaitsForTask_RemapUsesItsOwnVessel_AndCannotMoveAcrossTasks" />
    </UnitTest>
    <UnitTest name="ProductApi.Tests.SyncReliabilityTests.NonceRemainsRejected_AfterChangingTheServiceInstance" storage="d:\nckh\product\martime_product_v1.1\shore_product\backend.tests\bin\debug\net8.0\product-api.tests.dll" id="a6bba271-44d0-1ef8-f96a-8af9e8b7f622">
      <Execution id="dcab58bd-da32-4b3f-bd86-dc1cc491852a" />
      <TestMethod codeBase="D:\NCKH\Product\Martime_product_v1.1\shore_product\backend.Tests\bin\Debug\net8.0\product-api.Tests.dll" adapterTypeName="executor://xunit/VsTestRunner2/netcoreapp" className="ProductApi.Tests.SyncReliabilityTests" name="NonceRemainsRejected_AfterChangingTheServiceInstance" />
    </UnitTest>
    <UnitTest name="ProductApi.Tests.SyncReliabilityTests.RankRequirements_PreservesUnchangedIdsAndBroadcastsOnlyAddedAndRemovedMappings" storage="d:\nckh\product\martime_product_v1.1\shore_product\backend.tests\bin\debug\net8.0\product-api.tests.dll" id="b1d3f4d8-118d-5796-600b-b315c6bc4561">
      <Execution id="161792b8-0809-4e82-96ca-a372606820c6" />
      <TestMethod codeBase="D:\NCKH\Product\Martime_product_v1.1\shore_product\backend.Tests\bin\Debug\net8.0\product-api.Tests.dll" adapterTypeName="executor://xunit/VsTestRunner2/netcoreapp" className="ProductApi.Tests.SyncReliabilityTests" name="RankRequirements_PreservesUnchangedIdsAndBroadcastsOnlyAddedAndRemovedMappings" />
    </UnitTest>
    <UnitTest name="ProductApi.Tests.SyncReliabilityTests.PullHonorsOfflineAndIridiumPriorities" storage="d:\nckh\product\martime_product_v1.1\shore_product\backend.tests\bin\debug\net8.0\product-api.tests.dll" id="5e9a8a78-1894-dbc3-61e2-391e58ea0cb6">
      <Execution id="1aef04b3-1645-49a3-b7f4-395b0cd8771b" />
      <TestMethod codeBase="D:\NCKH\Product\Martime_product_v1.1\shore_product\backend.Tests\bin\Debug\net8.0\product-api.Tests.dll" adapterTypeName="executor://xunit/VsTestRunner2/netcoreapp" className="ProductApi.Tests.SyncReliabilityTests" name="PullHonorsOfflineAndIridiumPriorities" />
    </UnitTest>
    <UnitTest name="ProductApi.Tests.VesselMaterialsTests.Definitions_AreScoped_NoCategoryRequired_AndSyncWaitsForAcknowledgement" storage="d:\nckh\product\martime_product_v1.1\shore_product\backend.tests\bin\debug\net8.0\product-api.tests.dll" id="198f2212-2996-0106-d4ac-ed2ff0b29776">
      <Execution id="1543d30b-9f0f-4668-a2dd-7a32a6ebde27" />
      <TestMethod codeBase="D:\NCKH\Product\Martime_product_v1.1\shore_product\backend.Tests\bin\Debug\net8.0\product-api.Tests.dll" adapterTypeName="executor://xunit/VsTestRunner2/netcoreapp" className="ProductApi.Tests.VesselMaterialsTests" name="Definitions_AreScoped_NoCategoryRequired_AndSyncWaitsForAcknowledgement" />
    </UnitTest>
    <UnitTest name="ProductApi.Tests.SyncReliabilityTests.IdempotencyKeys_AreNamespacedByNode_AndStableAcrossRetries" storage="d:\nckh\product\martime_product_v1.1\shore_product\backend.tests\bin\debug\net8.0\product-api.tests.dll" id="04156ddb-e8ef-7305-215b-8597ee85eb6c">
      <Execution id="2b0588a5-81a8-48c1-968a-c1bf50fed28a" />
      <TestMethod codeBase="D:\NCKH\Product\Martime_product_v1.1\shore_product\backend.Tests\bin\Debug\net8.0\product-api.Tests.dll" adapterTypeName="executor://xunit/VsTestRunner2/netcoreapp" className="ProductApi.Tests.SyncReliabilityTests" name="IdempotencyKeys_AreNamespacedByNode_AndStableAcrossRetries" />
    </UnitTest>
    <UnitTest name="ProductApi.Tests.SyncReliabilityTests.Dashboard_PaginatesAllHistoryAndFiltersWithoutAttributingShoreLogsToEveryShip" storage="d:\nckh\product\martime_product_v1.1\shore_product\backend.tests\bin\debug\net8.0\product-api.tests.dll" id="efd8caba-afe9-9101-1915-50b97c0050fe">
      <Execution id="577e7365-c6c2-4db8-9c5d-8b0f28c61d07" />
      <TestMethod codeBase="D:\NCKH\Product\Martime_product_v1.1\shore_product\backend.Tests\bin\Debug\net8.0\product-api.Tests.dll" adapterTypeName="executor://xunit/VsTestRunner2/netcoreapp" className="ProductApi.Tests.SyncReliabilityTests" name="Dashboard_PaginatesAllHistoryAndFiltersWithoutAttributingShoreLogsToEveryShip" />
    </UnitTest>
    <UnitTest name="ProductApi.Tests.SyncReliabilityTests.RawCountersAndSensorGuids_AreIsolatedPerVessel_WithRetryAndDeltaSafety" storage="d:\nckh\product\martime_product_v1.1\shore_product\backend.tests\bin\debug\net8.0\product-api.tests.dll" id="d2d736c7-9140-309f-f552-2d909737c4c7">
      <Execution id="8ab6a3f2-6ad5-4e0b-b10a-580abf17f170" />
      <TestMethod codeBase="D:\NCKH\Product\Martime_product_v1.1\shore_product\backend.Tests\bin\Debug\net8.0\product-api.Tests.dll" adapterTypeName="executor://xunit/VsTestRunner2/netcoreapp" className="ProductApi.Tests.SyncReliabilityTests" name="RawCountersAndSensorGuids_AreIsolatedPerVessel_WithRetryAndDeltaSafety" />
    </UnitTest>
    <UnitTest name="ProductApi.Tests.MaterialCatalogImportTests.Import_InvalidRow_RejectsWholeBatch" storage="d:\nckh\product\martime_product_v1.1\shore_product\backend.tests\bin\debug\net8.0\product-api.tests.dll" id="db5916f5-016e-c805-2831-c12c166b89f0">
      <Execution id="cfbfb8aa-e551-47cb-aaa2-1aae6f0c3c75" />
      <TestMethod codeBase="D:\NCKH\Product\Martime_product_v1.1\shore_product\backend.Tests\bin\Debug\net8.0\product-api.Tests.dll" adapterTypeName="executor://xunit/VsTestRunner2/netcoreapp" className="ProductApi.Tests.MaterialCatalogImportTests" name="Import_InvalidRow_RejectsWholeBatch" />
    </UnitTest>
    <UnitTest name="ProductApi.Tests.VesselMaterialsTests.Sync_RejectsUnchangedPendingOrDeliveredData_AndQueuesOnlyChangesIncludingDeletion" storage="d:\nckh\product\martime_product_v1.1\shore_product\backend.tests\bin\debug\net8.0\product-api.tests.dll" id="61e2f36c-3904-d5bb-a07f-ace127ae9fa9">
      <Execution id="2fc391b4-3467-4e85-8212-7dbc54ee8762" />
      <TestMethod codeBase="D:\NCKH\Product\Martime_product_v1.1\shore_product\backend.Tests\bin\Debug\net8.0\product-api.Tests.dll" adapterTypeName="executor://xunit/VsTestRunner2/netcoreapp" className="ProductApi.Tests.VesselMaterialsTests" name="Sync_RejectsUnchangedPendingOrDeliveredData_AndQueuesOnlyChangesIncludingDeletion" />
    </UnitTest>
    <UnitTest name="ProductApi.Tests.VesselMaterialsTests.LegacyMaterialUploads_AreIgnored_WithoutChangingShoreData" storage="d:\nckh\product\martime_product_v1.1\shore_product\backend.tests\bin\debug\net8.0\product-api.tests.dll" id="97bf0e9f-b9a3-67de-46c8-406331e075c4">
      <Execution id="71cc8305-08e3-48f4-a6ca-5cea9711e403" />
      <TestMethod codeBase="D:\NCKH\Product\Martime_product_v1.1\shore_product\backend.Tests\bin\Debug\net8.0\product-api.Tests.dll" adapterTypeName="executor://xunit/VsTestRunner2/netcoreapp" className="ProductApi.Tests.VesselMaterialsTests" name="LegacyMaterialUploads_AreIgnored_WithoutChangingShoreData" />
    </UnitTest>
    <UnitTest name="ProductApi.Tests.SyncReliabilityTests.MirrorMigration_AddsAllFourTablesAndKeepsExistingData" storage="d:\nckh\product\martime_product_v1.1\shore_product\backend.tests\bin\debug\net8.0\product-api.tests.dll" id="2c8c73c4-7ead-8a0f-c803-065afe228898">
      <Execution id="7d90cfbc-8150-4942-b171-d6d310af41ec" />
      <TestMethod codeBase="D:\NCKH\Product\Martime_product_v1.1\shore_product\backend.Tests\bin\Debug\net8.0\product-api.Tests.dll" adapterTypeName="executor://xunit/VsTestRunner2/netcoreapp" className="ProductApi.Tests.SyncReliabilityTests" name="MirrorMigration_AddsAllFourTablesAndKeepsExistingData" />
    </UnitTest>
    <UnitTest name="ProductApi.Tests.SyncReliabilityTests.NumericLocalKeys_AndTheirChildForeignKeys_AreMappedPerNode" storage="d:\nckh\product\martime_product_v1.1\shore_product\backend.tests\bin\debug\net8.0\product-api.tests.dll" id="c67dd6b5-5f75-220a-d4b2-1313f8e79e7c">
      <Execution id="75ad2c99-47b2-4874-8e0c-a158d460c292" />
      <TestMethod codeBase="D:\NCKH\Product\Martime_product_v1.1\shore_product\backend.Tests\bin\Debug\net8.0\product-api.Tests.dll" adapterTypeName="executor://xunit/VsTestRunner2/netcoreapp" className="ProductApi.Tests.SyncReliabilityTests" name="NumericLocalKeys_AndTheirChildForeignKeys_AreMappedPerNode" />
    </UnitTest>
    <UnitTest name="ProductApi.Tests.SyncReliabilityTests.DeferralFiles_UseTheSupplierKeyMapping_ReuseVerifiedBytes_AndIgnoreRemovedEvidence" storage="d:\nckh\product\martime_product_v1.1\shore_product\backend.tests\bin\debug\net8.0\product-api.tests.dll" id="ec422d14-64cc-0048-6de8-f76cae8727a2">
      <Execution id="6179282e-dae7-4336-bde1-acabd9a457d4" />
      <TestMethod codeBase="D:\NCKH\Product\Martime_product_v1.1\shore_product\backend.Tests\bin\Debug\net8.0\product-api.Tests.dll" adapterTypeName="executor://xunit/VsTestRunner2/netcoreapp" className="ProductApi.Tests.SyncReliabilityTests" name="DeferralFiles_UseTheSupplierKeyMapping_ReuseVerifiedBytes_AndIgnoreRemovedEvidence" />
    </UnitTest>
    <UnitTest name="ProductApi.Tests.SyncReliabilityTests.Dashboard_OutboxTracksBroadcastReceiptsSeparatelyForEachShip" storage="d:\nckh\product\martime_product_v1.1\shore_product\backend.tests\bin\debug\net8.0\product-api.tests.dll" id="4a5113a2-e819-a488-7e16-c4862ffcc62d">
      <Execution id="bfac8d05-94df-4a0e-b2b2-8cc3019a8360" />
      <TestMethod codeBase="D:\NCKH\Product\Martime_product_v1.1\shore_product\backend.Tests\bin\Debug\net8.0\product-api.Tests.dll" adapterTypeName="executor://xunit/VsTestRunner2/netcoreapp" className="ProductApi.Tests.SyncReliabilityTests" name="Dashboard_OutboxTracksBroadcastReceiptsSeparatelyForEachShip" />
    </UnitTest>
    <UnitTest name="ProductApi.Tests.VesselMaterialsTests.Sync_SimultaneousRequests_DoNotQueueDuplicateDefinitions" storage="d:\nckh\product\martime_product_v1.1\shore_product\backend.tests\bin\debug\net8.0\product-api.tests.dll" id="3468d061-118f-e2d3-e39b-c201734d4f89">
      <Execution id="44294441-d484-4a7b-b579-43184c2d00b3" />
      <TestMethod codeBase="D:\NCKH\Product\Martime_product_v1.1\shore_product\backend.Tests\bin\Debug\net8.0\product-api.Tests.dll" adapterTypeName="executor://xunit/VsTestRunner2/netcoreapp" className="ProductApi.Tests.VesselMaterialsTests" name="Sync_SimultaneousRequests_DoNotQueueDuplicateDefinitions" />
    </UnitTest>
    <UnitTest name="ProductApi.Tests.SyncReliabilityTests.CrewRecovery_OnlyRestoresServiceHistoryUploadedByTheRecipientVessel" storage="d:\nckh\product\martime_product_v1.1\shore_product\backend.tests\bin\debug\net8.0\product-api.tests.dll" id="14eda097-1dd1-4b02-c1d9-6b8f67c0c9fd">
      <Execution id="7e522d0d-f4d7-40ad-ba9f-c90f8106bde5" />
      <TestMethod codeBase="D:\NCKH\Product\Martime_product_v1.1\shore_product\backend.Tests\bin\Debug\net8.0\product-api.Tests.dll" adapterTypeName="executor://xunit/VsTestRunner2/netcoreapp" className="ProductApi.Tests.SyncReliabilityTests" name="CrewRecovery_OnlyRestoresServiceHistoryUploadedByTheRecipientVessel" />
    </UnitTest>
    <UnitTest name="ProductApi.Tests.SyncReliabilityTests.ShoreFileManifests_AreScopedToTheReceiver_AndCannotUseAClientSuppliedSourcePath" storage="d:\nckh\product\martime_product_v1.1\shore_product\backend.tests\bin\debug\net8.0\product-api.tests.dll" id="5fd22d6a-5d0f-aa5a-3412-9cd997288e11">
      <Execution id="95d250c8-e316-4f2a-a2a5-d0f4677a91da" />
      <TestMethod codeBase="D:\NCKH\Product\Martime_product_v1.1\shore_product\backend.Tests\bin\Debug\net8.0\product-api.Tests.dll" adapterTypeName="executor://xunit/VsTestRunner2/netcoreapp" className="ProductApi.Tests.SyncReliabilityTests" name="ShoreFileManifests_AreScopedToTheReceiver_AndCannotUseAClientSuppliedSourcePath" />
    </UnitTest>
    <UnitTest name="ProductApi.Tests.SyncReliabilityTests.VoyageService_CreateUpdateDelete_RoutesParentAndChildrenOnlyToTheirVessel" storage="d:\nckh\product\martime_product_v1.1\shore_product\backend.tests\bin\debug\net8.0\product-api.tests.dll" id="12df7aaa-3203-ff35-d494-abc74a345428">
      <Execution id="67e2f60d-63aa-48de-8ae6-267e477e3b77" />
      <TestMethod codeBase="D:\NCKH\Product\Martime_product_v1.1\shore_product\backend.Tests\bin\Debug\net8.0\product-api.Tests.dll" adapterTypeName="executor://xunit/VsTestRunner2/netcoreapp" className="ProductApi.Tests.SyncReliabilityTests" name="VoyageService_CreateUpdateDelete_RoutesParentAndChildrenOnlyToTheirVessel" />
    </UnitTest>
    <UnitTest name="ProductApi.Tests.MaterialCatalogImportTests.Import_CreatesUpdatesAndEnqueuesCatalog_WithoutCreatingShipStock" storage="d:\nckh\product\martime_product_v1.1\shore_product\backend.tests\bin\debug\net8.0\product-api.tests.dll" id="906b6f8a-7c8e-7c61-7fb2-770beae50e58">
      <Execution id="e418fbec-5053-42b0-a121-1a1ba52f3307" />
      <TestMethod codeBase="D:\NCKH\Product\Martime_product_v1.1\shore_product\backend.Tests\bin\Debug\net8.0\product-api.Tests.dll" adapterTypeName="executor://xunit/VsTestRunner2/netcoreapp" className="ProductApi.Tests.MaterialCatalogImportTests" name="Import_CreatesUpdatesAndEnqueuesCatalog_WithoutCreatingShipStock" />
    </UnitTest>
    <UnitTest name="ProductApi.Tests.SyncReliabilityTests.AckForAnOldSnapshot_CannotConsumeTheNewSnapshot" storage="d:\nckh\product\martime_product_v1.1\shore_product\backend.tests\bin\debug\net8.0\product-api.tests.dll" id="7956ee6a-fa9f-ca94-745a-0ee277aa1412">
      <Execution id="66959ef4-3dc3-47dc-9c81-8082802d6a22" />
      <TestMethod codeBase="D:\NCKH\Product\Martime_product_v1.1\shore_product\backend.Tests\bin\Debug\net8.0\product-api.Tests.dll" adapterTypeName="executor://xunit/VsTestRunner2/netcoreapp" className="ProductApi.Tests.SyncReliabilityTests" name="AckForAnOldSnapshot_CannotConsumeTheNewSnapshot" />
    </UnitTest>
  </TestDefinitions>
  <TestEntries>
    <TestEntry testId="a6bba271-44d0-1ef8-f96a-8af9e8b7f622" executionId="dcab58bd-da32-4b3f-bd86-dc1cc491852a" testListId="8c84fa94-04c1-424b-9868-57a2d4851a1d" />
    <TestEntry testId="7167bec8-b447-ac74-d085-a7976264bd38" executionId="52b77b13-1b48-492a-97fd-ca481dd9bfba" testListId="8c84fa94-04c1-424b-9868-57a2d4851a1d" />
    <TestEntry testId="efd8caba-afe9-9101-1915-50b97c0050fe" executionId="577e7365-c6c2-4db8-9c5d-8b0f28c61d07" testListId="8c84fa94-04c1-424b-9868-57a2d4851a1d" />
    <TestEntry testId="c167cf1a-a97e-9479-f7a4-13bd5d5b363c" executionId="aa7ff46e-7d6f-472d-86a7-b6e2dba8aa80" testListId="8c84fa94-04c1-424b-9868-57a2d4851a1d" />
    <TestEntry testId="42ecab6b-d278-05e8-e8e2-396e27ee45c8" executionId="d99a13a5-face-42ef-a90d-a331146d289c" testListId="8c84fa94-04c1-424b-9868-57a2d4851a1d" />
    <TestEntry testId="25d6a483-a2b0-faac-bec7-74c3813ff132" executionId="a05513c1-394b-4074-9d54-1ab92c91566c" testListId="8c84fa94-04c1-424b-9868-57a2d4851a1d" />
    <TestEntry testId="11f85788-0618-76ef-35da-5720907d4619" executionId="870cce28-a80f-433d-8220-70751494e158" testListId="8c84fa94-04c1-424b-9868-57a2d4851a1d" />
    <TestEntry testId="fae3176f-c736-70cf-cd94-36cf5052fb66" executionId="9bf9d753-27c4-4e0a-97e5-45d6f8454c69" testListId="8c84fa94-04c1-424b-9868-57a2d4851a1d" />
    <TestEntry testId="cbf37fb6-1bd7-3f55-20b0-01a1c9dc48f6" executionId="4918b5f4-f619-496d-8d71-6c6c8550d0ab" testListId="8c84fa94-04c1-424b-9868-57a2d4851a1d" />
    <TestEntry testId="cb8714a3-b161-eb57-8112-c25961ec05c2" executionId="82a7b883-095d-40fa-a70a-344cdc6af1b2" testListId="8c84fa94-04c1-424b-9868-57a2d4851a1d" />
    <TestEntry testId="db5916f5-016e-c805-2831-c12c166b89f0" executionId="cfbfb8aa-e551-47cb-aaa2-1aae6f0c3c75" testListId="8c84fa94-04c1-424b-9868-57a2d4851a1d" />
    <TestEntry testId="b94311a0-7520-bc5e-79ae-75a3d7715d00" executionId="4d94f8bc-6e15-434a-a07c-5b710bb9f0e7" testListId="8c84fa94-04c1-424b-9868-57a2d4851a1d" />
    <TestEntry testId="2320cdf5-957f-ca06-18fe-b89d0d579364" executionId="8430090b-305c-41aa-a915-d9a04e3b07d1" testListId="8c84fa94-04c1-424b-9868-57a2d4851a1d" />
    <TestEntry testId="2392f795-e89c-fbce-e564-d62fec95d05b" executionId="1dfecef1-547b-47b0-96f6-5ece10092847" testListId="8c84fa94-04c1-424b-9868-57a2d4851a1d" />
    <TestEntry testId="3468d061-118f-e2d3-e39b-c201734d4f89" executionId="44294441-d484-4a7b-b579-43184c2d00b3" testListId="8c84fa94-04c1-424b-9868-57a2d4851a1d" />
    <TestEntry testId="04156ddb-e8ef-7305-215b-8597ee85eb6c" executionId="2b0588a5-81a8-48c1-968a-c1bf50fed28a" testListId="8c84fa94-04c1-424b-9868-57a2d4851a1d" />
    <TestEntry testId="3659cc89-65ee-ac27-a02b-c5ee59f558de" executionId="511411e0-a248-495c-9a8e-94debc1f7baa" testListId="8c84fa94-04c1-424b-9868-57a2d4851a1d" />
    <TestEntry testId="d2d736c7-9140-309f-f552-2d909737c4c7" executionId="8ab6a3f2-6ad5-4e0b-b10a-580abf17f170" testListId="8c84fa94-04c1-424b-9868-57a2d4851a1d" />
    <TestEntry testId="5e9a8a78-1894-dbc3-61e2-391e58ea0cb6" executionId="1aef04b3-1645-49a3-b7f4-395b0cd8771b" testListId="8c84fa94-04c1-424b-9868-57a2d4851a1d" />
    <TestEntry testId="14eda097-1dd1-4b02-c1d9-6b8f67c0c9fd" executionId="7e522d0d-f4d7-40ad-ba9f-c90f8106bde5" testListId="8c84fa94-04c1-424b-9868-57a2d4851a1d" />
    <TestEntry testId="61e2f36c-3904-d5bb-a07f-ace127ae9fa9" executionId="2fc391b4-3467-4e85-8212-7dbc54ee8762" testListId="8c84fa94-04c1-424b-9868-57a2d4851a1d" />
    <TestEntry testId="b0fbade2-4f3c-74f1-9421-ece364aafa8e" executionId="d4a04cb1-025f-46bf-8486-87e3443cf5b8" testListId="8c84fa94-04c1-424b-9868-57a2d4851a1d" />
    <TestEntry testId="5fd22d6a-5d0f-aa5a-3412-9cd997288e11" executionId="95d250c8-e316-4f2a-a2a5-d0f4677a91da" testListId="8c84fa94-04c1-424b-9868-57a2d4851a1d" />
    <TestEntry testId="923258c5-c5a8-a87a-c664-d6d7fab68ca2" executionId="24fcfd7d-4f51-4175-bf92-44eef9fa6c5b" testListId="8c84fa94-04c1-424b-9868-57a2d4851a1d" />
    <TestEntry testId="ed9e8cd4-1b5d-416d-5037-97574e59711c" executionId="5593628d-4bee-4ed5-8bfe-b1b943493382" testListId="8c84fa94-04c1-424b-9868-57a2d4851a1d" />
    <TestEntry testId="2c8c73c4-7ead-8a0f-c803-065afe228898" executionId="7d90cfbc-8150-4942-b171-d6d310af41ec" testListId="8c84fa94-04c1-424b-9868-57a2d4851a1d" />
    <TestEntry testId="0df51b31-3a02-2f12-b1a9-dcb2e428c038" executionId="99ce8d82-d2c0-4684-8b31-ef8bdd8fad5d" testListId="8c84fa94-04c1-424b-9868-57a2d4851a1d" />
    <TestEntry testId="b1d3f4d8-118d-5796-600b-b315c6bc4561" executionId="161792b8-0809-4e82-96ca-a372606820c6" testListId="8c84fa94-04c1-424b-9868-57a2d4851a1d" />
    <TestEntry testId="198f2212-2996-0106-d4ac-ed2ff0b29776" executionId="1543d30b-9f0f-4668-a2dd-7a32a6ebde27" testListId="8c84fa94-04c1-424b-9868-57a2d4851a1d" />
    <TestEntry testId="97bf0e9f-b9a3-67de-46c8-406331e075c4" executionId="71cc8305-08e3-48f4-a6ca-5cea9711e403" testListId="8c84fa94-04c1-424b-9868-57a2d4851a1d" />
    <TestEntry testId="7956ee6a-fa9f-ca94-745a-0ee277aa1412" executionId="66959ef4-3dc3-47dc-9c81-8082802d6a22" testListId="8c84fa94-04c1-424b-9868-57a2d4851a1d" />
    <TestEntry testId="0cfe065f-383a-b690-6d58-97bd493fa807" executionId="a0745402-4b61-4193-97fc-718d5dd57b9c" testListId="8c84fa94-04c1-424b-9868-57a2d4851a1d" />
    <TestEntry testId="1de95d54-c40d-0cb3-e1d3-66d792d32fd1" executionId="9838c7fd-27b7-425c-a094-3d5cabdbcc5c" testListId="8c84fa94-04c1-424b-9868-57a2d4851a1d" />
    <TestEntry testId="12df7aaa-3203-ff35-d494-abc74a345428" executionId="67e2f60d-63aa-48de-8ae6-267e477e3b77" testListId="8c84fa94-04c1-424b-9868-57a2d4851a1d" />
    <TestEntry testId="d159b375-179e-e9dc-a9d8-cbd669940066" executionId="e061ff19-25fd-472c-b8de-81a5c65483e5" testListId="8c84fa94-04c1-424b-9868-57a2d4851a1d" />
    <TestEntry testId="1b0a8f10-0904-bd68-5273-4749beb22a70" executionId="d3cf6a44-a14a-4b9b-b7cb-7349bd1b0b0d" testListId="8c84fa94-04c1-424b-9868-57a2d4851a1d" />
    <TestEntry testId="ec422d14-64cc-0048-6de8-f76cae8727a2" executionId="6179282e-dae7-4336-bde1-acabd9a457d4" testListId="8c84fa94-04c1-424b-9868-57a2d4851a1d" />
    <TestEntry testId="6720b1f6-a0c6-4c13-560d-6d15dc8a543b" executionId="6cf6ac61-10b0-4c8a-941c-a2efcee4d6c1" testListId="8c84fa94-04c1-424b-9868-57a2d4851a1d" />
    <TestEntry testId="906b6f8a-7c8e-7c61-7fb2-770beae50e58" executionId="e418fbec-5053-42b0-a121-1a1ba52f3307" testListId="8c84fa94-04c1-424b-9868-57a2d4851a1d" />
    <TestEntry testId="566f2829-afc0-ff69-30e8-a08f0ed00bf2" executionId="6e89108a-d754-47fd-b8c0-4f3240cfff04" testListId="8c84fa94-04c1-424b-9868-57a2d4851a1d" />
    <TestEntry testId="c67dd6b5-5f75-220a-d4b2-1313f8e79e7c" executionId="75ad2c99-47b2-4874-8e0c-a158d460c292" testListId="8c84fa94-04c1-424b-9868-57a2d4851a1d" />
    <TestEntry testId="4a5113a2-e819-a488-7e16-c4862ffcc62d" executionId="bfac8d05-94df-4a0e-b2b2-8cc3019a8360" testListId="8c84fa94-04c1-424b-9868-57a2d4851a1d" />
  </TestEntries>
  <TestLists>
    <TestList name="Results Not in a List" id="8c84fa94-04c1-424b-9868-57a2d4851a1d" />
    <TestList name="All Loaded Results" id="19431567-8539-422a-85d7-44ee4e166bda" />
  </TestLists>
  <ResultSummary outcome="Completed">
    <Counters total="42" executed="42" passed="42" failed="0" error="0" timeout="0" aborted="0" inconclusive="0" passedButRunAborted="0" notRunnable="0" notExecuted="0" disconnected="0" warning="0" completed="0" inProgress="0" pending="0" />
    <Output>
      <StdOut>[xUnit.net 00:00:00.00] xUnit.net VSTest Adapter v2.8.2+699d445a1a (64-bit .NET 8.0.31)&#xD;
[xUnit.net 00:00:00.07]   Discovering: product-api.Tests&#xD;
[xUnit.net 00:00:00.11]   Discovered:  product-api.Tests&#xD;
[xUnit.net 00:00:00.11]   Starting:    product-api.Tests&#xD;
[xUnit.net 00:02:36.53]   Finished:    product-api.Tests&#xD;
</StdOut>
    </Output>
  </ResultSummary>
</TestRun>